// Jest Snapshot v1, https://goo.gl/fbAQLP

exports[`lifecycle lifecycle: beforeUnmount 1`] = `
"import { onBeforeUnmount } from 'vue';
onBeforeUnmount(() => {
  console.log('before unmount!');
});"
`;
