// Jest Snapshot v1, https://goo.gl/fbAQLP

exports[`methods methods: methods 1`] = `
"import 'vue';

const sayHello = aa => {
  console.log('say Hi');
  return aa;
};"
`;
