// Jest Snapshot v1, https://goo.gl/fbAQLP

exports[`props -> defineProps defineProps: props 1`] = `
"import { defineProps } from 'vue';
const props = defineProps({
  foo: {
    type: String,
    \\"default\\": 'foo'
  },
  bar: Number
});"
`;
