// Jest Snapshot v1, https://goo.gl/fbAQLP

exports[`watch -> watch watch: watch 1`] = `
"import { watch } from 'vue';
watch('name', (cur, prev) => {
  console.log(cur, prev);
}, {
  deep: true
});"
`;
